// Jest Snapshot v1, https://goo.gl/fbAQLP

exports[`renders homepage unchanged 1`] = `
<div>
  <div
    class="bg-yellow-500 p-10 flex flex-col space-y-5"
  >
    <h1
      class="text-2xl text-bold text-black"
    >
      Comments
    </h1>
    <p
      class="text-black"
    >
      <strong>
        Comments policy:
      </strong>
       Be civil etc etc
    </p>
    <div
      class="flex flex-row space-x-5"
    >
      <p
        class="text-black"
      >
        Comments displaying in: 
        chronological
         mode.
      </p>
      <button
        class="rounded-md bg-gray-500 px-[4px]"
      >
        Change Display Mode
      </button>
    </div>
  </div>
</div>
`;
